TimestampChile: 2026-03-23T11:10:38.0754161
TimestampUtc: 2026-03-23T14:10:38.0754662Z
OrderNumber: 10883153
CorrelationId: 7040dbad-80c1-4796-af70-4d1c3d74b406
Request URL: https://qa.keylogistics.cl/CRMAPI-QA/api/Integracion
Request Headers:
  keyApiVal: [REDACTED]
  X-Correlation-ID: 7040dbad-80c1-4796-af70-4d1c3d74b406
Payload:
{
  "Modulo": "68073e0e748c6a204f601daa70f63f7c",
  "parametros": {
    "orderNumber": "10883153",
    "supplierCode": "76024",
    "orderDate": "2026-03-16",
    "deliveryDate": "2026-03-24",
    "paymentCondition": "D",
    "deliveryLocationCode": "30004",
    "invoiceLocationCode": "30004",
    "billingLocationCode": "30004",
    "notes": "32426//25-3-2026//BOD.BARO PUB CART. PRO",
    "items": [
      {
        "materialCode": "R310641",
        "quantity": 1.0000,
        "unitPrice": 30021.0000,
        "requestedDate": "2026-03-24",
        "description": "SKU-VACUNO CHURRASCO 120GR CAJA 36UN (XD)",
        "uom": "UN"
      },
      {
        "materialCode": "R311443",
        "quantity": 1.0000,
        "unitPrice": 83299.0000,
        "requestedDate": "2026-03-24",
        "description": "SKU-CERDO BABY BACK RIBS AHUMADA (COCIDA) CAJA 5UN CURACARIBS CONG KG (XD)",
        "uom": "UN"
      },
      {
        "materialCode": "R311677",
        "quantity": 1.0000,
        "unitPrice": 151950.0000,
        "requestedDate": "2026-03-24",
        "description": "SKU-POLLO HAMBURGUESA CONG 110GR CAJA 150UN (XD)",
        "uom": "UN"
      },
      {
        "materialCode": "R311683",
        "quantity": 5.0000,
        "unitPrice": 22400.0000,
        "requestedDate": "2026-03-24",
        "description": "SKU-VERDURA CONG PAPA PRE FRITA EXTRA CROCANTE 7X7 BOLSA 2,5KG CAJA 4UN (XD)",
        "uom": "UN"
      }
    ]
  }
}

Response Status: 400 Bad Request
Response Headers:
  Transfer-Encoding: chunked
  Server: Microsoft-IIS/10.0
  X-Powered-By: ASP.NET
  Date: Mon, 23 Mar 2026 14:12:44 GMT
Response Content Headers:
  Content-Type: application/problem+json; charset=utf-8
Response Body:
{"type":"https://tools.ietf.org/html/rfc7231#section-6.5.1","title":"Bad Request","status":400,"traceId":"00-8fc4b4e8e316ccce79162b4f820a609b-56cfc09469f10589-00"}

Result: ERROR
