TimestampChile: 2026-03-23T11:10:37.8160783
TimestampUtc: 2026-03-23T14:10:37.8161525Z
OrderNumber: 10883145
CorrelationId: fa1c7c89-09f9-4bb8-b1b1-405cea9719a1
Request URL: https://qa.keylogistics.cl/CRMAPI-QA/api/Integracion
Request Headers:
  keyApiVal: [REDACTED]
  X-Correlation-ID: fa1c7c89-09f9-4bb8-b1b1-405cea9719a1
Payload:
{
  "Modulo": "68073e0e748c6a204f601daa70f63f7c",
  "parametros": {
    "orderNumber": "10883145",
    "supplierCode": "76024",
    "orderDate": "2026-03-16",
    "deliveryDate": "2026-03-20",
    "paymentCondition": "D",
    "deliveryLocationCode": "30004",
    "invoiceLocationCode": "30004",
    "billingLocationCode": "30004",
    "notes": "32030//21-3-2026//BOD.RETAIL QB2.",
    "items": [
      {
        "materialCode": "R311683",
        "quantity": 5.0000,
        "unitPrice": 22400.0000,
        "requestedDate": "2026-03-20",
        "description": "SKU-VERDURA CONG PAPA PRE FRITA EXTRA CROCANTE 7X7 BOLSA 2,5KG CAJA 4UN (XD)",
        "uom": "UN"
      }
    ]
  }
}

Response Status: 400 Bad Request
Response Headers:
  Transfer-Encoding: chunked
  Server: Microsoft-IIS/10.0
  X-Powered-By: ASP.NET
  Date: Mon, 23 Mar 2026 14:12:44 GMT
Response Content Headers:
  Content-Type: application/problem+json; charset=utf-8
Response Body:
{"type":"https://tools.ietf.org/html/rfc7231#section-6.5.1","title":"Bad Request","status":400,"traceId":"00-be6dfc78e2dbd69b41b64007eb58d74a-8bcf87a13900d019-00"}

Result: ERROR
