TimestampChile: 2026-03-23T11:07:07.2533855
TimestampUtc: 2026-03-23T14:07:07.2534557Z
OrderNumber: 10883151
CorrelationId: d58a8d40-820a-4553-ad34-bb63aa43f3f4
Request URL: https://qa.keylogistics.cl/CRMAPI-QA/api/Integracion
Request Headers:
  keyApiVal: [REDACTED]
  X-Correlation-ID: d58a8d40-820a-4553-ad34-bb63aa43f3f4
Payload:
{
  "Modulo": "68073e0e748c6a204f601daa70f63f7c",
  "parametros": {
    "orderNumber": "10883151",
    "supplierCode": "76024",
    "orderDate": "2026-03-16",
    "deliveryDate": "2026-03-24",
    "paymentCondition": "D",
    "deliveryLocationCode": "30004",
    "invoiceLocationCode": "30004",
    "billingLocationCode": "30004",
    "notes": "32159//25-3-2026//BOD.PUB SPENCE",
    "items": [
      {
        "materialCode": "R310640",
        "quantity": 1.0000,
        "unitPrice": 21131.0000,
        "requestedDate": "2026-03-24",
        "description": "SKU-CERDO CHURRASCO LOMITO 120GR CAJA 36UN (XD)",
        "uom": "UN"
      },
      {
        "materialCode": "R310641",
        "quantity": 2.0000,
        "unitPrice": 30021.0000,
        "requestedDate": "2026-03-24",
        "description": "SKU-VACUNO CHURRASCO 120GR CAJA 36UN (XD)",
        "uom": "UN"
      }
    ]
  }
}

Response Status: 400 Bad Request
Response Headers:
  Transfer-Encoding: chunked
  Server: Microsoft-IIS/10.0
  X-Powered-By: ASP.NET
  Date: Mon, 23 Mar 2026 14:09:13 GMT
Response Content Headers:
  Content-Type: application/problem+json; charset=utf-8
Response Body:
{"type":"https://tools.ietf.org/html/rfc7231#section-6.5.1","title":"Bad Request","status":400,"traceId":"00-5500df1a73925fdedd1e76f885d33738-231b0a2160ed1edd-00"}

Result: ERROR
