TimestampChile: 2026-03-23T11:10:38.1364883
TimestampUtc: 2026-03-23T14:10:38.1365831Z
OrderNumber: 10884391
CorrelationId: 4b78f60e-4c8b-49a8-b0db-0ac1b3e98dde
Request URL: https://qa.keylogistics.cl/CRMAPI-QA/api/Integracion
Request Headers:
  keyApiVal: [REDACTED]
  X-Correlation-ID: 4b78f60e-4c8b-49a8-b0db-0ac1b3e98dde
Payload:
{
  "Modulo": "68073e0e748c6a204f601daa70f63f7c",
  "parametros": {
    "orderNumber": "10884391",
    "supplierCode": "76024",
    "orderDate": "2026-03-17",
    "deliveryDate": "2026-03-20",
    "paymentCondition": "D",
    "deliveryLocationCode": "30004",
    "invoiceLocationCode": "30004",
    "billingLocationCode": "30004",
    "notes": "30220//21-3-2026//BOD. CAMPAMENTO 5400 E",
    "items": [
      {
        "materialCode": "R046987",
        "quantity": 2.0000,
        "unitPrice": 14177.0000,
        "requestedDate": "2026-03-20",
        "description": "SKU-GALLETA COSTA NIK BOCADO 71GR CAJA 36UN (XD)",
        "uom": "UN"
      },
      {
        "materialCode": "R047108",
        "quantity": 1.0000,
        "unitPrice": 20609.0000,
        "requestedDate": "2026-03-20",
        "description": "SKU-GALLETA COSTA OBSESION 85GR CAJA 24UN (XD)",
        "uom": "UN"
      },
      {
        "materialCode": "R095026",
        "quantity": 1.0000,
        "unitPrice": 8617.0000,
        "requestedDate": "2026-03-20",
        "description": "SKU-TURRON ARCOR MANI 45GR CAJA 28UN (XD)",
        "uom": "UN"
      },
      {
        "materialCode": "R251259",
        "quantity": 1.0000,
        "unitPrice": 48686.0000,
        "requestedDate": "2026-03-20",
        "description": "SKU-M\u0026M PEANUT SINGLES 48GR DISPLAY 48UN (XD)",
        "uom": "UN"
      },
      {
        "materialCode": "R251266",
        "quantity": 1.0000,
        "unitPrice": 36525.0000,
        "requestedDate": "2026-03-20",
        "description": "SKU-M\u0026M PLAIN SINGLES 48GR DISPLAY 36UN (XD)",
        "uom": "UN"
      },
      {
        "materialCode": "R253833",
        "quantity": 3.0000,
        "unitPrice": 7770.0000,
        "requestedDate": "2026-03-20",
        "description": "SKU-CHOCOLATE TRENCITO 24GR DISPLAY 30 UN NESTLE (XD)",
        "uom": "UN"
      },
      {
        "materialCode": "R273442",
        "quantity": 3.0000,
        "unitPrice": 26540.0000,
        "requestedDate": "2026-03-20",
        "description": "SKU-CHOCOLATE COSTA ROLLS CROCANTE 150GR DISPLAY 15UN (XD)",
        "uom": "UN"
      },
      {
        "materialCode": "R280365",
        "quantity": 2.0000,
        "unitPrice": 5133.0000,
        "requestedDate": "2026-03-20",
        "description": "SKU-QUEQUES COSTA CHOCMAN 33GR CAJA 32UN (XD)",
        "uom": "UN"
      },
      {
        "materialCode": "R287036",
        "quantity": 2.0000,
        "unitPrice": 25256.0000,
        "requestedDate": "2026-03-20",
        "description": "SKU-PAPAS FRITAS LAYS STAX CHEDDAR 172GR CAJA 14UN EVERCRISP (XD)",
        "uom": "UN"
      },
      {
        "materialCode": "R287043",
        "quantity": 2.0000,
        "unitPrice": 25256.0000,
        "requestedDate": "2026-03-20",
        "description": "SKU-PAPAS FRITAS LAYS STAX ORIGINAL 172GR CAJA 14UN EVERCRISP (XD)",
        "uom": "UN"
      },
      {
        "materialCode": "R287050",
        "quantity": 2.0000,
        "unitPrice": 25256.0000,
        "requestedDate": "2026-03-20",
        "description": "SKU-PAPAS FRITAS LAYS STAX CREMA CEBOLLA 172GR CAJA 14UN EVERCRISP (XD)",
        "uom": "UN"
      },
      {
        "materialCode": "R290067",
        "quantity": 1.0000,
        "unitPrice": 8449.0000,
        "requestedDate": "2026-03-20",
        "description": "SKU-CHOCOLATE COSTA NUSS COSTA 30 GR DIS 20 UN (XD)",
        "uom": "UN"
      },
      {
        "materialCode": "R290074",
        "quantity": 1.0000,
        "unitPrice": 84495.0000,
        "requestedDate": "2026-03-20",
        "description": "SKU-CHOCOLATE COSTA MILK COSTA 30GR CAJA 200UN (XD)",
        "uom": "UN"
      },
      {
        "materialCode": "R303409",
        "quantity": 1.0000,
        "unitPrice": 21000.0000,
        "requestedDate": "2026-03-20",
        "description": "SKU-GALLETA NESTLE CHOKITA 30GR CAJA 100UN (XD)",
        "uom": "UN"
      },
      {
        "materialCode": "R304886",
        "quantity": 1.0000,
        "unitPrice": 12192.0000,
        "requestedDate": "2026-03-20",
        "description": "SKU-CARAMELO AMBROSOLI MENTITAS FLORETE 25GR CAJA 60UN (XD)",
        "uom": "UN"
      },
      {
        "materialCode": "R304901",
        "quantity": 1.0000,
        "unitPrice": 21533.0000,
        "requestedDate": "2026-03-20",
        "description": "SKU-GALLETA COSTA DONUTS LECHE 100GR CAJA 24UN (XD)",
        "uom": "UN"
      },
      {
        "materialCode": "R304902",
        "quantity": 1.0000,
        "unitPrice": 21533.0000,
        "requestedDate": "2026-03-20",
        "description": "SKU-GALLETA COSTA DONUTS NARANJA 100GR CAJA 24UN (XD)",
        "uom": "UN"
      },
      {
        "materialCode": "R305163",
        "quantity": 2.0000,
        "unitPrice": 45897.0000,
        "requestedDate": "2026-03-20",
        "description": "SKU-CHOCOLATE COSTA NUSS 250GR DISPLAY 15UN (XD)",
        "uom": "UN"
      },
      {
        "materialCode": "R306997",
        "quantity": 2.0000,
        "unitPrice": 20000.0000,
        "requestedDate": "2026-03-20",
        "description": "SKU-PAPAS FRITAS KRYZPO ORIGINAL 37GR CAJA 48UN (XD)",
        "uom": "UN"
      },
      {
        "materialCode": "R306998",
        "quantity": 2.0000,
        "unitPrice": 20000.0000,
        "requestedDate": "2026-03-20",
        "description": "SKU-PAPAS FRITAS KRYZPO QUESO 37GR CAJA 48UN (XD)",
        "uom": "UN"
      },
      {
        "materialCode": "R306999",
        "quantity": 2.0000,
        "unitPrice": 20000.0000,
        "requestedDate": "2026-03-20",
        "description": "SKU-PAPAS FRITAS KRYZPO CREMA CEBOLLA 37GR CAJA 48UN (XD)",
        "uom": "UN"
      },
      {
        "materialCode": "R307012",
        "quantity": 2.0000,
        "unitPrice": 14697.0000,
        "requestedDate": "2026-03-20",
        "description": "SKU-SUPLEMENTO PROTEIN BARRA CHOCOLATE MANI 45GR DISPLAY 16UN (XD)",
        "uom": "UN"
      },
      {
        "materialCode": "R309056",
        "quantity": 2.0000,
        "unitPrice": 32564.0000,
        "requestedDate": "2026-03-20",
        "description": "SKU-PAPAS FRITAS MARCO POLO RUSTICAS SAL DE MAR 38GR CAJA 66UN (XD)",
        "uom": "UN"
      },
      {
        "materialCode": "R309069",
        "quantity": 2.0000,
        "unitPrice": 11696.0000,
        "requestedDate": "2026-03-20",
        "description": "SKU-PAPAS FRITAS MARCO POLO CASERAS 110GR CAJA 15UN (XD)",
        "uom": "UN"
      },
      {
        "materialCode": "R309093",
        "quantity": 1.0000,
        "unitPrice": 47070.0000,
        "requestedDate": "2026-03-20",
        "description": "SKU-GALLETA ARCOR BON O BON 95GR CAJA 36UN (XD)",
        "uom": "UN"
      },
      {
        "materialCode": "R309097",
        "quantity": 4.0000,
        "unitPrice": 16578.0000,
        "requestedDate": "2026-03-20",
        "description": "SKU-CHEEZELS EVERCRISP 100GR CAJA 16UN (XD)",
        "uom": "UN"
      },
      {
        "materialCode": "R309099",
        "quantity": 1.0000,
        "unitPrice": 6155.0000,
        "requestedDate": "2026-03-20",
        "description": "SKU-CARAMELO TIC TAC NARANJA 16GR DISPLAY 12UN (XD)",
        "uom": "UN"
      },
      {
        "materialCode": "R309175",
        "quantity": 1.0000,
        "unitPrice": 5932.0000,
        "requestedDate": "2026-03-20",
        "description": "SKU-CHOCOLATE ARCOR HOBBY 35GR DISPLAY 15UN (XD)",
        "uom": "UN"
      },
      {
        "materialCode": "R309456",
        "quantity": 2.0000,
        "unitPrice": 18911.0000,
        "requestedDate": "2026-03-20",
        "description": "SKU-CHICLE ORBIT MENTA DISPLAY 30UN (XD).",
        "uom": "UN"
      },
      {
        "materialCode": "R309619",
        "quantity": 3.0000,
        "unitPrice": 3222.0000,
        "requestedDate": "2026-03-20",
        "description": "SKU-HALLS MENTA-LYPTUS 25,2 GR DISPLAY 12UN (XD)",
        "uom": "UN"
      },
      {
        "materialCode": "R309661",
        "quantity": 1.0000,
        "unitPrice": 24387.0000,
        "requestedDate": "2026-03-20",
        "description": "SKU-RAMITAS SALADAS EVERCRISP 230GR CAJA 16UN (XD)",
        "uom": "UN"
      },
      {
        "materialCode": "R309662",
        "quantity": 9.0000,
        "unitPrice": 24387.0000,
        "requestedDate": "2026-03-20",
        "description": "SKU-RAMITAS QUESO EVERCRISP 230GR CAJA 16UN (XD)",
        "uom": "UN"
      },
      {
        "materialCode": "R309760",
        "quantity": 2.0000,
        "unitPrice": 33780.0000,
        "requestedDate": "2026-03-20",
        "description": "SKU-CHOCOLATE M\u0026M MILK 141,8GR CAJA 12UN (XD)",
        "uom": "UN"
      },
      {
        "materialCode": "R309761",
        "quantity": 1.0000,
        "unitPrice": 33780.0000,
        "requestedDate": "2026-03-20",
        "description": "SKU-CHOCOLATE M\u0026M PEANUT 141,8GR CAJA 12UN (XD)",
        "uom": "UN"
      },
      {
        "materialCode": "R309765",
        "quantity": 4.0000,
        "unitPrice": 6084.0000,
        "requestedDate": "2026-03-20",
        "description": "SKU-CHICLE BIGTIME REFRESCANTE 11GR DISPLAY 20UN (SS) (XD)",
        "uom": "UN"
      },
      {
        "materialCode": "R309876",
        "quantity": 2.0000,
        "unitPrice": 23730.0000,
        "requestedDate": "2026-03-20",
        "description": "SKU-ALFAJOR ARTESANAL CACAO NEGRO 55GR CAJA 30UN (XD)",
        "uom": "UN"
      },
      {
        "materialCode": "R309877",
        "quantity": 2.0000,
        "unitPrice": 25440.0000,
        "requestedDate": "2026-03-20",
        "description": "SKU-ALFAJOR ARTESANAL CHOCOLATE BLANCO 55GR CAJA 30UN (XD)",
        "uom": "UN"
      },
      {
        "materialCode": "R310214",
        "quantity": 2.0000,
        "unitPrice": 18838.0000,
        "requestedDate": "2026-03-20",
        "description": "SKU-PAPA FRITA LAYS T/AMERICANO 100GR CAJA 17UN (XD)",
        "uom": "UN"
      },
      {
        "materialCode": "R310215",
        "quantity": 2.0000,
        "unitPrice": 17753.0000,
        "requestedDate": "2026-03-20",
        "description": "SKU-PAPA FRITA LAYS T/AMERICANO 200GR CAJA 12UN",
        "uom": "UN"
      },
      {
        "materialCode": "R310330",
        "quantity": 2.0000,
        "unitPrice": 30008.0000,
        "requestedDate": "2026-03-20",
        "description": "SKU-BEBIDA ISOTONICA SUEROX FRUTILLA-KIWI PET 630ML DISPLAY 12UN (SS) (XD)",
        "uom": "UN"
      },
      {
        "materialCode": "R310331",
        "quantity": 2.0000,
        "unitPrice": 30008.0000,
        "requestedDate": "2026-03-20",
        "description": "SKU-BEBIDA ISOTONICA SUEROX PINA PET 630ML DISPLAY 12UN (SS) (XD)",
        "uom": "UN"
      },
      {
        "materialCode": "R310332",
        "quantity": 2.0000,
        "unitPrice": 30008.0000,
        "requestedDate": "2026-03-20",
        "description": "SKU-BEBIDA ISOTONICA SUEROX MANZANA PET 630ML DISPLAY 12UN (SS) (XD)",
        "uom": "UN"
      },
      {
        "materialCode": "R310343",
        "quantity": 1.0000,
        "unitPrice": 12600.0000,
        "requestedDate": "2026-03-20",
        "description": "SKU-AGUA SABORIZADA UNIKO ARANDANO C/GAS 310ML CAJA 12UN (SS) (XD)",
        "uom": "UN"
      },
      {
        "materialCode": "R310394",
        "quantity": 2.0000,
        "unitPrice": 14928.0000,
        "requestedDate": "2026-03-20",
        "description": "SKU-PAPAS FRITAS CASERAS IND 42GR CAJA 54UN MARCO POLO (XD)",
        "uom": "UN"
      },
      {
        "materialCode": "R310438",
        "quantity": 1.0000,
        "unitPrice": 35948.0000,
        "requestedDate": "2026-03-20",
        "description": "SKU-SNACK TIKA NATURAL CHIPS-FURIOSA ESTANDAR 100GR CAJA 22UN (XD)",
        "uom": "UN"
      },
      {
        "materialCode": "R310455",
        "quantity": 1.0000,
        "unitPrice": 48411.0000,
        "requestedDate": "2026-03-20",
        "description": "SKU-CHOCOLATE MILKA OREO 100GR CAJA 22UN (XD).",
        "uom": "UN"
      },
      {
        "materialCode": "R310471",
        "quantity": 1.0000,
        "unitPrice": 29349.0000,
        "requestedDate": "2026-03-20",
        "description": "SKU-GALLETAS BISCUIT CHIP CHOCOLATE S/AZUCAR 145GR CAJA 24UN (XD)",
        "uom": "UN"
      },
      {
        "materialCode": "R310484",
        "quantity": 1.0000,
        "unitPrice": 18143.0000,
        "requestedDate": "2026-03-20",
        "description": "SKU-GALLETA COSTA FRAC CHOCOLATE 110GR CAJA 36UN (XD)",
        "uom": "UN"
      },
      {
        "materialCode": "R310551",
        "quantity": 1.0000,
        "unitPrice": 20004.0000,
        "requestedDate": "2026-03-20",
        "description": "SKU-CARAMELO FLOPI CEREZA S/AZUCAR 40GR DISPLAY 12UN (XD)",
        "uom": "UN"
      },
      {
        "materialCode": "R310552",
        "quantity": 1.0000,
        "unitPrice": 20004.0000,
        "requestedDate": "2026-03-20",
        "description": "SKU-CARAMELO FLOPI MULTIFRUTA S/AZUCAR 40GR DISPLAY 12UN (XD)",
        "uom": "UN"
      },
      {
        "materialCode": "R310644",
        "quantity": 1.0000,
        "unitPrice": 24342.0000,
        "requestedDate": "2026-03-20",
        "description": "SKU-CHOCOLATE MILKY WAY SINGLE 48GR DISPLAY 24UN (XD)",
        "uom": "UN"
      },
      {
        "materialCode": "R310843",
        "quantity": 1.0000,
        "unitPrice": 24083.0000,
        "requestedDate": "2026-03-20",
        "description": "SKU-GOMITAS AMBROSOLI LOOP 90G DISPLAY 30UN (XD)",
        "uom": "UN"
      },
      {
        "materialCode": "R311125",
        "quantity": 1.0000,
        "unitPrice": 22397.0000,
        "requestedDate": "2026-03-20",
        "description": "SKU-SNACK  SIN GLUTEN TOMATE ALBAHACA 100GR UN (XD)",
        "uom": "UN"
      },
      {
        "materialCode": "R311418",
        "quantity": 1.0000,
        "unitPrice": 14100.0000,
        "requestedDate": "2026-03-20",
        "description": "SKU-JUGO IND CITRIC LIMONADA MENTA 500ML CAJA 12UN (XD)",
        "uom": "UN"
      },
      {
        "materialCode": "R311708",
        "quantity": 9.0000,
        "unitPrice": 22894.0000,
        "requestedDate": "2026-03-20",
        "description": "SKU-SNACK DETODITO 275GR CAJA 11UN EVERSCRISP (XD)",
        "uom": "UN"
      },
      {
        "materialCode": "R311709",
        "quantity": 2.0000,
        "unitPrice": 25971.0000,
        "requestedDate": "2026-03-20",
        "description": "SKU-PAPA FRITA LAYS T/AMERICANO 330GR CAJA 9UN (XD)",
        "uom": "UN"
      },
      {
        "materialCode": "R312295",
        "quantity": 3.0000,
        "unitPrice": 48040.0000,
        "requestedDate": "2026-03-20",
        "description": "SKU-CHEETOS PALITO EVERCRISP 64GR CAJA 66UN (XD)",
        "uom": "UN"
      },
      {
        "materialCode": "R312296",
        "quantity": 2.0000,
        "unitPrice": 42217.0000,
        "requestedDate": "2026-03-20",
        "description": "SKU-PAPA FRITA LAYS T/AMERICANO 50GR CAJA 58UN (XD)",
        "uom": "UN"
      },
      {
        "materialCode": "R312299",
        "quantity": 3.0000,
        "unitPrice": 32906.0000,
        "requestedDate": "2026-03-20",
        "description": "SKU-RAMITAS QUESO EVERCRISP 40GR CAJA 90UN (XD)",
        "uom": "UN"
      }
    ]
  }
}

Response Status: 400 Bad Request
Response Headers:
  Transfer-Encoding: chunked
  Server: Microsoft-IIS/10.0
  X-Powered-By: ASP.NET
  Date: Mon, 23 Mar 2026 14:12:44 GMT
Response Content Headers:
  Content-Type: application/problem+json; charset=utf-8
Response Body:
{"type":"https://tools.ietf.org/html/rfc7231#section-6.5.1","title":"Bad Request","status":400,"traceId":"00-2a56a439cd34c8442136f75b08f80fb1-ecf2f7c6e77e2004-00"}

Result: ERROR
