TimestampChile: 2026-03-23T11:10:37.9533856
TimestampUtc: 2026-03-23T14:10:37.9535321Z
OrderNumber: 10883149
CorrelationId: 9c1b1718-ff5e-473f-8d49-60a2cdff2645
Request URL: https://qa.keylogistics.cl/CRMAPI-QA/api/Integracion
Request Headers:
  keyApiVal: [REDACTED]
  X-Correlation-ID: 9c1b1718-ff5e-473f-8d49-60a2cdff2645
Payload:
{
  "Modulo": "68073e0e748c6a204f601daa70f63f7c",
  "parametros": {
    "orderNumber": "10883149",
    "supplierCode": "76024",
    "orderDate": "2026-03-16",
    "deliveryDate": "2026-03-19",
    "paymentCondition": "D",
    "deliveryLocationCode": "30004",
    "invoiceLocationCode": "30004",
    "billingLocationCode": "30004",
    "notes": "32138//20-3-2026//BOD. CAFETERIA HOSPITA",
    "items": [
      {
        "materialCode": "R046862",
        "quantity": 1.0000,
        "unitPrice": 6120.0000,
        "requestedDate": "2026-03-19",
        "description": "SKU-GALLETA MINI MCKAY MOROCHA 50GR CAJA 24UN (XD)",
        "uom": "UN"
      },
      {
        "materialCode": "R251334",
        "quantity": 1.0000,
        "unitPrice": 36515.0000,
        "requestedDate": "2026-03-19",
        "description": "SKU-TWIX SINGLE 57GR DISPLAY 36UN (XD)",
        "uom": "UN"
      },
      {
        "materialCode": "R251341",
        "quantity": 1.0000,
        "unitPrice": 48686.0000,
        "requestedDate": "2026-03-19",
        "description": "SKU-CHOCOLATE SNICKERS SINGLE 53GR DISPLAY 48UN (XD)",
        "uom": "UN"
      },
      {
        "materialCode": "R290463",
        "quantity": 1.0000,
        "unitPrice": 14228.0000,
        "requestedDate": "2026-03-19",
        "description": "SKU-GALLETA MCKAY KUKY CLASICA 120GR CAJA 30UN (XD)",
        "uom": "UN"
      },
      {
        "materialCode": "R303602",
        "quantity": 1.0000,
        "unitPrice": 11326.0000,
        "requestedDate": "2026-03-19",
        "description": "SKU-GALLETON AVENA BERRIES ECOVIDA 40GR CAJA 24UN (XD)",
        "uom": "UN"
      },
      {
        "materialCode": "R306409",
        "quantity": 1.0000,
        "unitPrice": 15000.0000,
        "requestedDate": "2026-03-19",
        "description": "SKU-GALLETA MIX ZANAHORIA Y CHIPS S/AZUCAR 30GR CAJA 50UN (XD)",
        "uom": "UN"
      },
      {
        "materialCode": "R309098",
        "quantity": 2.0000,
        "unitPrice": 25451.0000,
        "requestedDate": "2026-03-19",
        "description": "SKU-CHOCOLATE FERRERO ROCHER 37,5GR DISPLAY 16UN (XD)",
        "uom": "UN"
      },
      {
        "materialCode": "R309099",
        "quantity": 2.0000,
        "unitPrice": 6155.0000,
        "requestedDate": "2026-03-19",
        "description": "SKU-CARAMELO TIC TAC NARANJA 16GR DISPLAY 12UN (XD)",
        "uom": "UN"
      },
      {
        "materialCode": "R309619",
        "quantity": 2.0000,
        "unitPrice": 3222.0000,
        "requestedDate": "2026-03-19",
        "description": "SKU-HALLS MENTA-LYPTUS 25,2 GR DISPLAY 12UN (XD)",
        "uom": "UN"
      },
      {
        "materialCode": "R309920",
        "quantity": 1.0000,
        "unitPrice": 9270.0000,
        "requestedDate": "2026-03-19",
        "description": "SKU-CHICLE TRIDENT INFINITI PEPPERMINT S/AZUCAR 26,6GR DISPLAY 12UN (SS) (XD).",
        "uom": "UN"
      },
      {
        "materialCode": "R310450",
        "quantity": 2.0000,
        "unitPrice": 9270.0000,
        "requestedDate": "2026-03-19",
        "description": "SKU-CHICLE TRIDENT INFINITI SPEARMINT S/AZUCAR 26,6GR DISPLAY 12UN (SS) (XD).",
        "uom": "UN"
      },
      {
        "materialCode": "R311706",
        "quantity": 1.0000,
        "unitPrice": 21054.0000,
        "requestedDate": "2026-03-19",
        "description": "SKU-DORITOS QUESO EVERCRISP 100GR CAJA 19UN (XD)",
        "uom": "UN"
      }
    ]
  }
}

Response Status: 400 Bad Request
Response Headers:
  Transfer-Encoding: chunked
  Server: Microsoft-IIS/10.0
  X-Powered-By: ASP.NET
  Date: Mon, 23 Mar 2026 14:12:44 GMT
Response Content Headers:
  Content-Type: application/problem+json; charset=utf-8
Response Body:
{"type":"https://tools.ietf.org/html/rfc7231#section-6.5.1","title":"Bad Request","status":400,"traceId":"00-67f159e78345747a68a919a04550f27a-4e136cd6a4c4143c-00"}

Result: ERROR
