TimestampChile: 2026-03-23T11:10:37.7895639
TimestampUtc: 2026-03-23T14:10:37.7896253Z
OrderNumber: 10883141
CorrelationId: 87ff298b-eca7-4d74-bbe5-cf8d65b9e649
Request URL: https://qa.keylogistics.cl/CRMAPI-QA/api/Integracion
Request Headers:
  keyApiVal: [REDACTED]
  X-Correlation-ID: 87ff298b-eca7-4d74-bbe5-cf8d65b9e649
Payload:
{
  "Modulo": "68073e0e748c6a204f601daa70f63f7c",
  "parametros": {
    "orderNumber": "10883141",
    "supplierCode": "76024",
    "orderDate": "2026-03-16",
    "deliveryDate": "2026-03-19",
    "paymentCondition": "D",
    "deliveryLocationCode": "30004",
    "invoiceLocationCode": "30004",
    "billingLocationCode": "30004",
    "notes": "32016//20-3-2026//BOD.SIERREA GORDA RETA",
    "items": [
      {
        "materialCode": "R311444",
        "quantity": 1.0000,
        "unitPrice": 65888.0000,
        "requestedDate": "2026-03-19",
        "description": "SKU-SALSA BARBECUE CLASICA BOLSA 1KG CAJA 8UN CURACARIBS (XD)",
        "uom": "UN"
      }
    ]
  }
}

Response Status: 400 Bad Request
Response Headers:
  Transfer-Encoding: chunked
  Server: Microsoft-IIS/10.0
  X-Powered-By: ASP.NET
  Date: Mon, 23 Mar 2026 14:12:44 GMT
Response Content Headers:
  Content-Type: application/problem+json; charset=utf-8
Response Body:
{"type":"https://tools.ietf.org/html/rfc7231#section-6.5.1","title":"Bad Request","status":400,"traceId":"00-22a452fc47fee55a501ab1654c6c8c65-a91a8085baf3947e-00"}

Result: ERROR
