TimestampChile: 2026-03-20T19:16:36.8117483
TimestampUtc: 2026-03-20T22:16:36.8157674Z
OrderNumber: 10835010
CorrelationId: dfebef2c-c5c4-4356-a70b-49d4f61f95b5
Request URL: https://qa.keylogistics.cl/CRMAPI-QA/api/Integracion
Request Headers:
  keyApiVal: [REDACTED]
  X-Correlation-ID: dfebef2c-c5c4-4356-a70b-49d4f61f95b5
Payload:
{
  "Modulo": "68073e0e748c6a204f601daa70f63f7c",
  "parametros": {
    "orderNumber": "10835010",
    "supplierCode": "76024",
    "orderDate": "2026-03-03",
    "deliveryDate": "2026-03-11",
    "paymentCondition": "D",
    "deliveryLocationCode": "30004",
    "invoiceLocationCode": "30004",
    "billingLocationCode": "30004",
    "notes": "31755//12-3-2026//BOD.CAMPAMENTO VCA-ESC",
    "items": [
      {
        "materialCode": "R044305",
        "quantity": 3.0000,
        "unitPrice": 41214.0000,
        "requestedDate": "2026-03-11",
        "description": "SKU-CARAMELOS MASTICABLES STARBURST FRUIT 59GR CAJA 36UN (XD)",
        "uom": "UN"
      },
      {
        "materialCode": "R046525",
        "quantity": 2.0000,
        "unitPrice": 21244.0000,
        "requestedDate": "2026-03-11",
        "description": "SKU-GALLETA COSTA GRETTELL CHOCOLATE 85GR CAJA 24UN (XD)",
        "uom": "UN"
      },
      {
        "materialCode": "R091695",
        "quantity": 4.0000,
        "unitPrice": 6904.0000,
        "requestedDate": "2026-03-11",
        "description": "SKU-GALLETA DE SODA COSTA 54GR CAJA 27UN (XD)",
        "uom": "UN"
      },
      {
        "materialCode": "R095026",
        "quantity": 2.0000,
        "unitPrice": 8617.0000,
        "requestedDate": "2026-03-11",
        "description": "SKU-TURRON ARCOR MANI 45GR CAJA 28UN (XD)",
        "uom": "UN"
      },
      {
        "materialCode": "R101127",
        "quantity": 3.0000,
        "unitPrice": 5215.0000,
        "requestedDate": "2026-03-11",
        "description": "SKU-BOMBON COSTA VIZZIO 432GR DISPLAY 45UN (XD)",
        "uom": "UN"
      },
      {
        "materialCode": "R251259",
        "quantity": 1.0000,
        "unitPrice": 48686.0000,
        "requestedDate": "2026-03-11",
        "description": "SKU-M\u0026M PEANUT SINGLES 48GR DISPLAY 48UN (XD)",
        "uom": "UN"
      },
      {
        "materialCode": "R251266",
        "quantity": 1.0000,
        "unitPrice": 36525.0000,
        "requestedDate": "2026-03-11",
        "description": "SKU-M\u0026M PLAIN SINGLES 48GR DISPLAY 36UN (XD)",
        "uom": "UN"
      },
      {
        "materialCode": "R251334",
        "quantity": 3.0000,
        "unitPrice": 36515.0000,
        "requestedDate": "2026-03-11",
        "description": "SKU-TWIX SINGLE 57GR DISPLAY 36UN (XD)",
        "uom": "UN"
      },
      {
        "materialCode": "R251341",
        "quantity": 6.0000,
        "unitPrice": 48686.0000,
        "requestedDate": "2026-03-11",
        "description": "SKU-CHOCOLATE SNICKERS SINGLE 53GR DISPLAY 48UN (XD)",
        "uom": "UN"
      },
      {
        "materialCode": "R253833",
        "quantity": 4.0000,
        "unitPrice": 7770.0000,
        "requestedDate": "2026-03-11",
        "description": "SKU-CHOCOLATE TRENCITO 24GR DISPLAY 30 UN NESTLE (XD)",
        "uom": "UN"
      },
      {
        "materialCode": "R273435",
        "quantity": 3.0000,
        "unitPrice": 22041.0000,
        "requestedDate": "2026-03-11",
        "description": "SKU-CHOCOLATE COSTA ROLLS CRISPY 130GR CAJA 15UN (XD)",
        "uom": "UN"
      },
      {
        "materialCode": "R281485",
        "quantity": 1.0000,
        "unitPrice": 12240.0000,
        "requestedDate": "2026-03-11",
        "description": "SKU-GALLETA TRITON MCKAY VAINILLA 129GR CAJA 30UN (XD)",
        "uom": "UN"
      },
      {
        "materialCode": "R287036",
        "quantity": 3.0000,
        "unitPrice": 25256.0000,
        "requestedDate": "2026-03-11",
        "description": "SKU-PAPAS FRITAS LAYS STAX CHEDDAR 172GR CAJA 14UN EVERCRISP (XD)",
        "uom": "UN"
      },
      {
        "materialCode": "R287043",
        "quantity": 4.0000,
        "unitPrice": 25256.0000,
        "requestedDate": "2026-03-11",
        "description": "SKU-PAPAS FRITAS LAYS STAX ORIGINAL 172GR CAJA 14UN EVERCRISP (XD)",
        "uom": "UN"
      },
      {
        "materialCode": "R290128",
        "quantity": 1.0000,
        "unitPrice": 71424.0000,
        "requestedDate": "2026-03-11",
        "description": "SKU-CHOCOLATE PRESTIGIO 35GR CAJA 192UN NESTLE (XD)",
        "uom": "UN"
      },
      {
        "materialCode": "R302791",
        "quantity": 1.0000,
        "unitPrice": 21244.0000,
        "requestedDate": "2026-03-11",
        "description": "SKU-GALLETA COSTA GRETTEL YOGHURT FRUTILLA 85GR CAJA 24UN (XD)",
        "uom": "UN"
      },
      {
        "materialCode": "R303602",
        "quantity": 1.0000,
        "unitPrice": 11326.0000,
        "requestedDate": "2026-03-11",
        "description": "SKU-GALLETON AVENA BERRIES ECOVIDA 40GR CAJA 24UN (XD)",
        "uom": "UN"
      },
      {
        "materialCode": "R303607",
        "quantity": 1.0000,
        "unitPrice": 39969.0000,
        "requestedDate": "2026-03-11",
        "description": "SKU-GALLETAS EMPAREDADOS DE CIRUELA ECOVIDA 150GR CAJA 30UN (XD)",
        "uom": "UN"
      },
      {
        "materialCode": "R303610",
        "quantity": 2.0000,
        "unitPrice": 39969.0000,
        "requestedDate": "2026-03-11",
        "description": "SKU-GALLETAS EMPAREDADOS DE HIGO S/AZUCAR ECOVIDA 150GR CAJA 30UN (XD)",
        "uom": "UN"
      },
      {
        "materialCode": "R304879",
        "quantity": 5.0000,
        "unitPrice": 12542.0000,
        "requestedDate": "2026-03-11",
        "description": "SKU-CARAMELOS AMBROSOLI FULL LIMON 27GR CAJA 60UN (XD)",
        "uom": "UN"
      },
      {
        "materialCode": "R305104",
        "quantity": 7.0000,
        "unitPrice": 16492.0000,
        "requestedDate": "2026-03-11",
        "description": "SKU-SUPLEMENTO PROTEIN SNACK TWENTYS LEMON CHEESECAKE 60GR DISPLAY 12UN (XD)",
        "uom": "UN"
      },
      {
        "materialCode": "R305163",
        "quantity": 5.0000,
        "unitPrice": 45897.0000,
        "requestedDate": "2026-03-11",
        "description": "SKU-CHOCOLATE COSTA NUSS 250GR DISPLAY 15UN (XD)",
        "uom": "UN"
      },
      {
        "materialCode": "R307011",
        "quantity": 3.0000,
        "unitPrice": 14697.0000,
        "requestedDate": "2026-03-11",
        "description": "SKU-SUPLEMENTO PROTEIN BARRA CHOCOLATE 45GR DISPLAY 16UN (XD)",
        "uom": "UN"
      },
      {
        "materialCode": "R307020",
        "quantity": 3.0000,
        "unitPrice": 28062.0000,
        "requestedDate": "2026-03-11",
        "description": "SKU-GALLETA CHOCOLATE FRUTILLA SIN AZUCAR\u00A0225GR CAJA 20UN ECOVIDA (XD)",
        "uom": "UN"
      },
      {
        "materialCode": "R307327",
        "quantity": 1.0000,
        "unitPrice": 16512.0000,
        "requestedDate": "2026-03-11",
        "description": "SKU-GALLETA COSTA COCO TUAREG 120GR CAJA 35UN (XD)",
        "uom": "UN"
      },
      {
        "materialCode": "R308732",
        "quantity": 18.0000,
        "unitPrice": 19714.0000,
        "requestedDate": "2026-03-11",
        "description": "SKU-CHICLE ORBIT BUBBLEMINT S/AZUCAR 64GR DISPLAY 6UN (SS) (XD)",
        "uom": "UN"
      },
      {
        "materialCode": "R308736",
        "quantity": 1.0000,
        "unitPrice": 23429.0000,
        "requestedDate": "2026-03-11",
        "description": "SKU-CHOCOLATE MILKA LECHE 55GR DISPLAY 21UN (XD)",
        "uom": "UN"
      },
      {
        "materialCode": "R308739",
        "quantity": 1.0000,
        "unitPrice": 18378.0000,
        "requestedDate": "2026-03-11",
        "description": "SKU-JUGO NATURAL IND CITRIC NARANJA 500ML CAJA 12UN (XD)",
        "uom": "UN"
      },
      {
        "materialCode": "R308971",
        "quantity": 4.0000,
        "unitPrice": 15172.0000,
        "requestedDate": "2026-03-11",
        "description": "SKU-JUGO BLESS MARACUYA/NARANJA/PINA/MANZANA/LIMON 300CC CAJA 12UN (SS) (XD)",
        "uom": "UN"
      },
      {
        "materialCode": "R308973",
        "quantity": 1.0000,
        "unitPrice": 15172.0000,
        "requestedDate": "2026-03-11",
        "description": "SKU-JUGO BLESS PEPINO/ESPIRUL/MANZANA/PI\u00D1A/JENGIBRE/LIMON 300CC CAJA 12UN (XD)",
        "uom": "UN"
      },
      {
        "materialCode": "R309051",
        "quantity": 5.0000,
        "unitPrice": 16622.0000,
        "requestedDate": "2026-03-11",
        "description": "SKU-CHEETOS PALITOS 110GR CAJA 15UN EVERSCRISP (XD)",
        "uom": "UN"
      },
      {
        "materialCode": "R309067",
        "quantity": 2.0000,
        "unitPrice": 56184.0000,
        "requestedDate": "2026-03-11",
        "description": "SKU-CHOCOLATE ESTUCHE COSTA VIZZIO 120GR CAJA 34UN (XD)",
        "uom": "UN"
      },
      {
        "materialCode": "R309093",
        "quantity": 1.0000,
        "unitPrice": 47070.0000,
        "requestedDate": "2026-03-11",
        "description": "SKU-GALLETA ARCOR BON O BON 95GR CAJA 36UN (XD)",
        "uom": "UN"
      },
      {
        "materialCode": "R309097",
        "quantity": 6.0000,
        "unitPrice": 16578.0000,
        "requestedDate": "2026-03-11",
        "description": "SKU-CHEEZELS EVERCRISP 100GR CAJA 16UN (XD)",
        "uom": "UN"
      },
      {
        "materialCode": "R309146",
        "quantity": 1.0000,
        "unitPrice": 31430.0000,
        "requestedDate": "2026-03-11",
        "description": "SKU-CHOCOLATE NESTLE TRENCITO 150GR CAJA 14UN (XD)",
        "uom": "UN"
      },
      {
        "materialCode": "R309147",
        "quantity": 2.0000,
        "unitPrice": 49939.0000,
        "requestedDate": "2026-03-11",
        "description": "SKU-CHOCOLATE NESTLE KIT KAT 41,5GR CAJA 96UN (XD)",
        "uom": "UN"
      },
      {
        "materialCode": "R309265",
        "quantity": 1.0000,
        "unitPrice": 15470.0000,
        "requestedDate": "2026-03-11",
        "description": "SKU-SNACK MIX TENTACION 50GR CAJA 20UN (XD)",
        "uom": "UN"
      },
      {
        "materialCode": "R309432",
        "quantity": 3.0000,
        "unitPrice": 9093.0000,
        "requestedDate": "2026-03-11",
        "description": "SKU-CHIPS DE VEGETALES TIKA FURIOSAS 35GR CAJA 15UN (XD).",
        "uom": "UN"
      },
      {
        "materialCode": "R309456",
        "quantity": 3.0000,
        "unitPrice": 18911.0000,
        "requestedDate": "2026-03-11",
        "description": "SKU-CHICLE ORBIT MENTA DISPLAY 30UN (XD).",
        "uom": "UN"
      },
      {
        "materialCode": "R309457",
        "quantity": 7.0000,
        "unitPrice": 18911.0000,
        "requestedDate": "2026-03-11",
        "description": "SKU-CHICLE ORBIT EUCALIPTUS DISPLAY 30UN (XD).",
        "uom": "UN"
      },
      {
        "materialCode": "R309458",
        "quantity": 1.0000,
        "unitPrice": 18911.0000,
        "requestedDate": "2026-03-11",
        "description": "SKU-CHICLE ORBIT HIERBABUENA DISPLAY 30UN (XD).",
        "uom": "UN"
      },
      {
        "materialCode": "R309620",
        "quantity": 5.0000,
        "unitPrice": 19714.0000,
        "requestedDate": "2026-03-11",
        "description": "SKU-CHICLE ORBIT HIERBABUENA S/AZUCAR 64GR DISPLAY 6UN (SS) (XD)",
        "uom": "UN"
      },
      {
        "materialCode": "R309661",
        "quantity": 11.0000,
        "unitPrice": 24387.0000,
        "requestedDate": "2026-03-11",
        "description": "SKU-RAMITAS SALADAS EVERCRISP 230GR CAJA 16UN (XD)",
        "uom": "UN"
      },
      {
        "materialCode": "R309761",
        "quantity": 3.0000,
        "unitPrice": 33780.0000,
        "requestedDate": "2026-03-11",
        "description": "SKU-CHOCOLATE M\u0026M PEANUT 141,8GR CAJA 12UN (XD)",
        "uom": "UN"
      },
      {
        "materialCode": "R309762",
        "quantity": 2.0000,
        "unitPrice": 5794.0000,
        "requestedDate": "2026-03-11",
        "description": "SKU-CHICLE BIGTIME MENTA 11GR DISPLAY 20UN (XD)",
        "uom": "UN"
      },
      {
        "materialCode": "R309763",
        "quantity": 11.0000,
        "unitPrice": 6084.0000,
        "requestedDate": "2026-03-11",
        "description": "SKU-CHICLE BIGTIME STRONG 11GR DISPLAY 20UN (SS) (XD)",
        "uom": "UN"
      },
      {
        "materialCode": "R309764",
        "quantity": 4.0000,
        "unitPrice": 6084.0000,
        "requestedDate": "2026-03-11",
        "description": "SKU-CHICLE BIGTIME SANDIA 11GR DISPLAY 20UN (SS) (XD)",
        "uom": "UN"
      },
      {
        "materialCode": "R309765",
        "quantity": 47.0000,
        "unitPrice": 6084.0000,
        "requestedDate": "2026-03-11",
        "description": "SKU-CHICLE BIGTIME REFRESCANTE 11GR DISPLAY 20UN (SS) (XD)",
        "uom": "UN"
      },
      {
        "materialCode": "R309876",
        "quantity": 2.0000,
        "unitPrice": 23730.0000,
        "requestedDate": "2026-03-11",
        "description": "SKU-ALFAJOR ARTESANAL CACAO NEGRO 55GR CAJA 30UN (XD)",
        "uom": "UN"
      },
      {
        "materialCode": "R309913",
        "quantity": 2.0000,
        "unitPrice": 8342.0000,
        "requestedDate": "2026-03-11",
        "description": "SKU-CHICLE TRIDENT INFINITI PEPPERMINT S/AZUCAR 26,6GR DISPLAY 12UN (SS) (XD)",
        "uom": "UN"
      },
      {
        "materialCode": "R309920",
        "quantity": 2.0000,
        "unitPrice": 9270.0000,
        "requestedDate": "2026-03-11",
        "description": "SKU-CHICLE TRIDENT INFINITI PEPPERMINT S/AZUCAR 26,6GR DISPLAY 12UN (SS) (XD).",
        "uom": "UN"
      },
      {
        "materialCode": "R310215",
        "quantity": 5.0000,
        "unitPrice": 17753.0000,
        "requestedDate": "2026-03-11",
        "description": "SKU-PAPA FRITA LAYS T/AMERICANO 200GR CAJA 12UN",
        "uom": "UN"
      },
      {
        "materialCode": "R310342",
        "quantity": 2.0000,
        "unitPrice": 12600.0000,
        "requestedDate": "2026-03-11",
        "description": "SKU-AGUA SABORIZADA UNIKO MANZANA S/GAS 310ML CAJA 12UN (SS) (XD)",
        "uom": "UN"
      },
      {
        "materialCode": "R310345",
        "quantity": 1.0000,
        "unitPrice": 12600.0000,
        "requestedDate": "2026-03-11",
        "description": "SKU-AGUA SABORIZADA UNIKO CRANBERRY C/GAS 310ML CAJA 12UN (SS) (XD)",
        "uom": "UN"
      },
      {
        "materialCode": "R310393",
        "quantity": 12.0000,
        "unitPrice": 10756.0000,
        "requestedDate": "2026-03-11",
        "description": "SKU-SNACK MANI JAPONES 100G CAJA 16UN (XD)",
        "uom": "UN"
      },
      {
        "materialCode": "R310394",
        "quantity": 1.0000,
        "unitPrice": 14928.0000,
        "requestedDate": "2026-03-11",
        "description": "SKU-PAPAS FRITAS CASERAS IND 42GR CAJA 54UN MARCO POLO (XD)",
        "uom": "UN"
      },
      {
        "materialCode": "R310430",
        "quantity": 4.0000,
        "unitPrice": 17584.0000,
        "requestedDate": "2026-03-11",
        "description": "SKU-GALLETA CRIOLLITA 80GR CAJA 28UN MCKAY (XD)",
        "uom": "UN"
      },
      {
        "materialCode": "R310436",
        "quantity": 5.0000,
        "unitPrice": 21860.0000,
        "requestedDate": "2026-03-11",
        "description": "SKU-SNACK TIKA NATURAL CHIPS-CEBOLLITA DULCE 150GR CAJA 15UN (XD)",
        "uom": "UN"
      },
      {
        "materialCode": "R310438",
        "quantity": 3.0000,
        "unitPrice": 35948.0000,
        "requestedDate": "2026-03-11",
        "description": "SKU-SNACK TIKA NATURAL CHIPS-FURIOSA ESTANDAR 100GR CAJA 22UN (XD)",
        "uom": "UN"
      },
      {
        "materialCode": "R310456",
        "quantity": 1.0000,
        "unitPrice": 21888.0000,
        "requestedDate": "2026-03-11",
        "description": "SKU-CHOCOLATE M\u0026M MANTEQUILLA MANI 127GR CAJA 8UN (XD).",
        "uom": "UN"
      },
      {
        "materialCode": "R310457",
        "quantity": 1.0000,
        "unitPrice": 21633.0000,
        "requestedDate": "2026-03-11",
        "description": "SKU-GALLETA OREO VAINILLA 108GR CAJA 30UN (XD).",
        "uom": "UN"
      },
      {
        "materialCode": "R310471",
        "quantity": 4.0000,
        "unitPrice": 29349.0000,
        "requestedDate": "2026-03-11",
        "description": "SKU-GALLETAS BISCUIT CHIP CHOCOLATE S/AZUCAR 145GR CAJA 24UN (XD)",
        "uom": "UN"
      },
      {
        "materialCode": "R310551",
        "quantity": 1.0000,
        "unitPrice": 20004.0000,
        "requestedDate": "2026-03-11",
        "description": "SKU-CARAMELO FLOPI CEREZA S/AZUCAR 40GR DISPLAY 12UN (XD)",
        "uom": "UN"
      },
      {
        "materialCode": "R310552",
        "quantity": 1.0000,
        "unitPrice": 20004.0000,
        "requestedDate": "2026-03-11",
        "description": "SKU-CARAMELO FLOPI MULTIFRUTA S/AZUCAR 40GR DISPLAY 12UN (XD)",
        "uom": "UN"
      },
      {
        "materialCode": "R310560",
        "quantity": 2.0000,
        "unitPrice": 15600.0000,
        "requestedDate": "2026-03-11",
        "description": "SKU-BEBIDA GINGER BLESS MARACUYA LATA 310ML DISPLAY 12UN (XD)",
        "uom": "UN"
      },
      {
        "materialCode": "R310644",
        "quantity": 1.0000,
        "unitPrice": 24342.0000,
        "requestedDate": "2026-03-11",
        "description": "SKU-CHOCOLATE MILKY WAY SINGLE 48GR DISPLAY 24UN (XD)",
        "uom": "UN"
      },
      {
        "materialCode": "R310815",
        "quantity": 3.0000,
        "unitPrice": 70000.0000,
        "requestedDate": "2026-03-11",
        "description": "SKU-SNACK MIX EXTRA NUTS SALADO TNOGAL 125G CAJA 40UN (XD)",
        "uom": "UN"
      },
      {
        "materialCode": "R310842",
        "quantity": 2.0000,
        "unitPrice": 34003.0000,
        "requestedDate": "2026-03-11",
        "description": "SKU-CHOCOLATE COSTA RAMA BLANCO 115GR CAJA 16UN (XD)",
        "uom": "UN"
      },
      {
        "materialCode": "R310843",
        "quantity": 1.0000,
        "unitPrice": 24083.0000,
        "requestedDate": "2026-03-11",
        "description": "SKU-GOMITAS AMBROSOLI LOOP 90G DISPLAY 30UN (XD)",
        "uom": "UN"
      },
      {
        "materialCode": "R310845",
        "quantity": 2.0000,
        "unitPrice": 39748.0000,
        "requestedDate": "2026-03-11",
        "description": "SKU-CHOCOLATE ESTUCHE COSTA VIZZIO XL 360GR CAJA 8UN (XD)",
        "uom": "UN"
      },
      {
        "materialCode": "R311125",
        "quantity": 3.0000,
        "unitPrice": 22397.0000,
        "requestedDate": "2026-03-11",
        "description": "SKU-SNACK  SIN GLUTEN TOMATE ALBAHACA 100GR UN (XD)",
        "uom": "UN"
      },
      {
        "materialCode": "R311172",
        "quantity": 1.0000,
        "unitPrice": 5751.0000,
        "requestedDate": "2026-03-11",
        "description": "SKU-CHOCOLATE ARCOR ROCKLETS 30GR DISPLAY 18UN (XD)",
        "uom": "UN"
      },
      {
        "materialCode": "R311417",
        "quantity": 2.0000,
        "unitPrice": 18378.0000,
        "requestedDate": "2026-03-11",
        "description": "SKU-JUGO IND CITRIC NARANJA MANGO 500ML CAJA 12UN (XD)",
        "uom": "UN"
      },
      {
        "materialCode": "R311418",
        "quantity": 2.0000,
        "unitPrice": 14100.0000,
        "requestedDate": "2026-03-11",
        "description": "SKU-JUGO IND CITRIC LIMONADA MENTA 500ML CAJA 12UN (XD)",
        "uom": "UN"
      },
      {
        "materialCode": "R311708",
        "quantity": 10.0000,
        "unitPrice": 22894.0000,
        "requestedDate": "2026-03-11",
        "description": "SKU-SNACK DETODITO 275GR CAJA 11UN EVERSCRISP (XD)",
        "uom": "UN"
      },
      {
        "materialCode": "R311709",
        "quantity": 1.0000,
        "unitPrice": 25971.0000,
        "requestedDate": "2026-03-11",
        "description": "SKU-PAPA FRITA LAYS T/AMERICANO 330GR CAJA 9UN (XD)",
        "uom": "UN"
      },
      {
        "materialCode": "R312295",
        "quantity": 2.0000,
        "unitPrice": 48040.0000,
        "requestedDate": "2026-03-11",
        "description": "SKU-CHEETOS PALITO EVERCRISP 64GR CAJA 66UN (XD)",
        "uom": "UN"
      },
      {
        "materialCode": "R312297",
        "quantity": 2.0000,
        "unitPrice": 15285.3800,
        "requestedDate": "2026-03-11",
        "description": "SKU-SNACK DETODITO QUESO 64GR CAJA 21UN EVERSCRISP (XD)",
        "uom": "UN"
      }
    ]
  }
}

Response Status: 200 OK
Response Headers:
  Server: Microsoft-IIS/10.0
  __url: http://192.168.1.19:9298/crmapi/api/Integracion
  __method: POST
  X-Powered-By: ASP.NET
  Date: Fri, 20 Mar 2026 22:18:43 GMT
Response Content Headers:
  Content-Length: 76
  Content-Type: application/json; charset=utf-8
Response Body:
{"respuesta":"OK","exito":true,"data":"{\"orden\":9898984}","errorTrace":""}

Result: SUCCESS
