TimestampChile: 2026-03-23T11:07:07.0574343
TimestampUtc: 2026-03-23T14:07:07.0575061Z
OrderNumber: 10883146
CorrelationId: 5810aa34-4591-4c85-904b-414dd17919c1
Request URL: https://qa.keylogistics.cl/CRMAPI-QA/api/Integracion
Request Headers:
  keyApiVal: [REDACTED]
  X-Correlation-ID: 5810aa34-4591-4c85-904b-414dd17919c1
Payload:
{
  "Modulo": "68073e0e748c6a204f601daa70f63f7c",
  "parametros": {
    "orderNumber": "10883146",
    "supplierCode": "76024",
    "orderDate": "2026-03-16",
    "deliveryDate": "2026-03-20",
    "paymentCondition": "D",
    "deliveryLocationCode": "30004",
    "invoiceLocationCode": "30004",
    "billingLocationCode": "30004",
    "notes": "32030//21-3-2026//BOD.RETAIL QB2.",
    "items": [
      {
        "materialCode": "R044305",
        "quantity": 4.0000,
        "unitPrice": 41214.0000,
        "requestedDate": "2026-03-20",
        "description": "SKU-CARAMELOS MASTICABLES STARBURST FRUIT 59GR CAJA 36UN (XD)",
        "uom": "UN"
      },
      {
        "materialCode": "R046862",
        "quantity": 4.0000,
        "unitPrice": 6120.0000,
        "requestedDate": "2026-03-20",
        "description": "SKU-GALLETA MINI MCKAY MOROCHA 50GR CAJA 24UN (XD)",
        "uom": "UN"
      },
      {
        "materialCode": "R046987",
        "quantity": 2.0000,
        "unitPrice": 14177.0000,
        "requestedDate": "2026-03-20",
        "description": "SKU-GALLETA COSTA NIK BOCADO 71GR CAJA 36UN (XD)",
        "uom": "UN"
      },
      {
        "materialCode": "R047108",
        "quantity": 1.0000,
        "unitPrice": 20609.0000,
        "requestedDate": "2026-03-20",
        "description": "SKU-GALLETA COSTA OBSESION 85GR CAJA 24UN (XD)",
        "uom": "UN"
      },
      {
        "materialCode": "R091695",
        "quantity": 4.0000,
        "unitPrice": 6904.0000,
        "requestedDate": "2026-03-20",
        "description": "SKU-GALLETA DE SODA COSTA 54GR CAJA 27UN (XD)",
        "uom": "UN"
      },
      {
        "materialCode": "R151948",
        "quantity": 3.0000,
        "unitPrice": 14024.0000,
        "requestedDate": "2026-03-20",
        "description": "SKU-GALLETA VIVO SODA COSTA 123GR CAJA 24UN (XD)",
        "uom": "UN"
      },
      {
        "materialCode": "R251334",
        "quantity": 2.0000,
        "unitPrice": 36515.0000,
        "requestedDate": "2026-03-20",
        "description": "SKU-TWIX SINGLE 57GR DISPLAY 36UN (XD)",
        "uom": "UN"
      },
      {
        "materialCode": "R251341",
        "quantity": 5.0000,
        "unitPrice": 48686.0000,
        "requestedDate": "2026-03-20",
        "description": "SKU-CHOCOLATE SNICKERS SINGLE 53GR DISPLAY 48UN (XD)",
        "uom": "UN"
      },
      {
        "materialCode": "R270151",
        "quantity": 3.0000,
        "unitPrice": 30341.0000,
        "requestedDate": "2026-03-20",
        "description": "SKU-MIX MANI PASAS ALMENDRAS EVERCRISP 150GR CAJA 24UN (XD)",
        "uom": "UN"
      },
      {
        "materialCode": "R273442",
        "quantity": 2.0000,
        "unitPrice": 26540.0000,
        "requestedDate": "2026-03-20",
        "description": "SKU-CHOCOLATE COSTA ROLLS CROCANTE 150GR DISPLAY 15UN (XD)",
        "uom": "UN"
      },
      {
        "materialCode": "R287036",
        "quantity": 4.0000,
        "unitPrice": 25256.0000,
        "requestedDate": "2026-03-20",
        "description": "SKU-PAPAS FRITAS LAYS STAX CHEDDAR 172GR CAJA 14UN EVERCRISP (XD)",
        "uom": "UN"
      },
      {
        "materialCode": "R287043",
        "quantity": 6.0000,
        "unitPrice": 25256.0000,
        "requestedDate": "2026-03-20",
        "description": "SKU-PAPAS FRITAS LAYS STAX ORIGINAL 172GR CAJA 14UN EVERCRISP (XD)",
        "uom": "UN"
      },
      {
        "materialCode": "R290067",
        "quantity": 11.0000,
        "unitPrice": 8449.0000,
        "requestedDate": "2026-03-20",
        "description": "SKU-CHOCOLATE COSTA NUSS COSTA 30 GR DIS 20 UN (XD)",
        "uom": "UN"
      },
      {
        "materialCode": "R290074",
        "quantity": 1.0000,
        "unitPrice": 84495.0000,
        "requestedDate": "2026-03-20",
        "description": "SKU-CHOCOLATE COSTA MILK COSTA 30GR CAJA 200UN (XD)",
        "uom": "UN"
      },
      {
        "materialCode": "R290463",
        "quantity": 6.0000,
        "unitPrice": 14228.0000,
        "requestedDate": "2026-03-20",
        "description": "SKU-GALLETA MCKAY KUKY CLASICA 120GR CAJA 30UN (XD)",
        "uom": "UN"
      },
      {
        "materialCode": "R300650",
        "quantity": 2.0000,
        "unitPrice": 14177.0000,
        "requestedDate": "2026-03-20",
        "description": "SKU-GALLETA COSTA NIK FRUTILLA 71GR CAJA 36UN (XD)",
        "uom": "UN"
      },
      {
        "materialCode": "R303409",
        "quantity": 3.0000,
        "unitPrice": 21000.0000,
        "requestedDate": "2026-03-20",
        "description": "SKU-GALLETA NESTLE CHOKITA 30GR CAJA 100UN (XD)",
        "uom": "UN"
      },
      {
        "materialCode": "R303462",
        "quantity": 1.0000,
        "unitPrice": 87360.0000,
        "requestedDate": "2026-03-20",
        "description": "SKU-CHOCOLATE NESTLE SAHNE-NUSS 30GR CAJA 240UN (XD)",
        "uom": "UN"
      },
      {
        "materialCode": "R303602",
        "quantity": 2.0000,
        "unitPrice": 11326.0000,
        "requestedDate": "2026-03-20",
        "description": "SKU-GALLETON AVENA BERRIES ECOVIDA 40GR CAJA 24UN (XD)",
        "uom": "UN"
      },
      {
        "materialCode": "R304886",
        "quantity": 2.0000,
        "unitPrice": 12192.0000,
        "requestedDate": "2026-03-20",
        "description": "SKU-CARAMELO AMBROSOLI MENTITAS FLORETE 25GR CAJA 60UN (XD)",
        "uom": "UN"
      },
      {
        "materialCode": "R304901",
        "quantity": 3.0000,
        "unitPrice": 21533.0000,
        "requestedDate": "2026-03-20",
        "description": "SKU-GALLETA COSTA DONUTS LECHE 100GR CAJA 24UN (XD)",
        "uom": "UN"
      },
      {
        "materialCode": "R305104",
        "quantity": 1.0000,
        "unitPrice": 16492.0000,
        "requestedDate": "2026-03-20",
        "description": "SKU-SUPLEMENTO PROTEIN SNACK TWENTYS LEMON CHEESECAKE 60GR DISPLAY 12UN (XD)",
        "uom": "UN"
      },
      {
        "materialCode": "R305163",
        "quantity": 3.0000,
        "unitPrice": 45897.0000,
        "requestedDate": "2026-03-20",
        "description": "SKU-CHOCOLATE COSTA NUSS 250GR DISPLAY 15UN (XD)",
        "uom": "UN"
      },
      {
        "materialCode": "R306409",
        "quantity": 1.0000,
        "unitPrice": 15000.0000,
        "requestedDate": "2026-03-20",
        "description": "SKU-GALLETA MIX ZANAHORIA Y CHIPS S/AZUCAR 30GR CAJA 50UN (XD)",
        "uom": "UN"
      },
      {
        "materialCode": "R307011",
        "quantity": 6.0000,
        "unitPrice": 14697.0000,
        "requestedDate": "2026-03-20",
        "description": "SKU-SUPLEMENTO PROTEIN BARRA CHOCOLATE 45GR DISPLAY 16UN (XD)",
        "uom": "UN"
      },
      {
        "materialCode": "R307012",
        "quantity": 6.0000,
        "unitPrice": 14697.0000,
        "requestedDate": "2026-03-20",
        "description": "SKU-SUPLEMENTO PROTEIN BARRA CHOCOLATE MANI 45GR DISPLAY 16UN (XD)",
        "uom": "UN"
      },
      {
        "materialCode": "R308725",
        "quantity": 6.0000,
        "unitPrice": 34389.0000,
        "requestedDate": "2026-03-20",
        "description": "SKU-CHOCOLATE TOBLERONE LECHE 50GR DISPLAY 24UN (XD)",
        "uom": "UN"
      },
      {
        "materialCode": "R308732",
        "quantity": 13.0000,
        "unitPrice": 19714.0000,
        "requestedDate": "2026-03-20",
        "description": "SKU-CHICLE ORBIT BUBBLEMINT S/AZUCAR 64GR DISPLAY 6UN (SS) (XD)",
        "uom": "UN"
      },
      {
        "materialCode": "R308736",
        "quantity": 2.0000,
        "unitPrice": 23429.0000,
        "requestedDate": "2026-03-20",
        "description": "SKU-CHOCOLATE MILKA LECHE 55GR DISPLAY 21UN (XD)",
        "uom": "UN"
      },
      {
        "materialCode": "R308739",
        "quantity": 11.0000,
        "unitPrice": 18378.0000,
        "requestedDate": "2026-03-20",
        "description": "SKU-JUGO NATURAL IND CITRIC NARANJA 500ML CAJA 12UN (XD)",
        "uom": "UN"
      },
      {
        "materialCode": "R309064",
        "quantity": 2.0000,
        "unitPrice": 26801.0000,
        "requestedDate": "2026-03-20",
        "description": "SKU-CHOCOLATE ESTUCHE COSTA RAMA 115GR CAJA 16UN (XD)",
        "uom": "UN"
      },
      {
        "materialCode": "R309065",
        "quantity": 4.0000,
        "unitPrice": 20808.0000,
        "requestedDate": "2026-03-20",
        "description": "SKU-CHOCOLATE COSTA ROLLS NUTS 170GR CAJA 15UN (XD)",
        "uom": "UN"
      },
      {
        "materialCode": "R309067",
        "quantity": 1.0000,
        "unitPrice": 56184.0000,
        "requestedDate": "2026-03-20",
        "description": "SKU-CHOCOLATE ESTUCHE COSTA VIZZIO 120GR CAJA 34UN (XD)",
        "uom": "UN"
      },
      {
        "materialCode": "R309093",
        "quantity": 6.0000,
        "unitPrice": 47070.0000,
        "requestedDate": "2026-03-20",
        "description": "SKU-GALLETA ARCOR BON O BON 95GR CAJA 36UN (XD)",
        "uom": "UN"
      },
      {
        "materialCode": "R309099",
        "quantity": 6.0000,
        "unitPrice": 6155.0000,
        "requestedDate": "2026-03-20",
        "description": "SKU-CARAMELO TIC TAC NARANJA 16GR DISPLAY 12UN (XD)",
        "uom": "UN"
      },
      {
        "materialCode": "R309146",
        "quantity": 2.0000,
        "unitPrice": 31430.0000,
        "requestedDate": "2026-03-20",
        "description": "SKU-CHOCOLATE NESTLE TRENCITO 150GR CAJA 14UN (XD)",
        "uom": "UN"
      },
      {
        "materialCode": "R309147",
        "quantity": 1.0000,
        "unitPrice": 49939.0000,
        "requestedDate": "2026-03-20",
        "description": "SKU-CHOCOLATE NESTLE KIT KAT 41,5GR CAJA 96UN (XD)",
        "uom": "UN"
      },
      {
        "materialCode": "R309175",
        "quantity": 15.0000,
        "unitPrice": 5932.0000,
        "requestedDate": "2026-03-20",
        "description": "SKU-CHOCOLATE ARCOR HOBBY 35GR DISPLAY 15UN (XD)",
        "uom": "UN"
      },
      {
        "materialCode": "R309243",
        "quantity": 1.0000,
        "unitPrice": 30245.0000,
        "requestedDate": "2026-03-20",
        "description": "SKU-BEBIDA ISOTONICA SUEROX NARANJA PET 630ML DISPLAY12UN (SS) (XD)",
        "uom": "UN"
      },
      {
        "materialCode": "R309262",
        "quantity": 3.0000,
        "unitPrice": 12852.0000,
        "requestedDate": "2026-03-20",
        "description": "SKU-SNACK MIX KETO 60GR CAJA 12UN (XD)",
        "uom": "UN"
      },
      {
        "materialCode": "R309264",
        "quantity": 1.0000,
        "unitPrice": 13566.0000,
        "requestedDate": "2026-03-20",
        "description": "SKU-SNACK MIX PROTEICO 60GR CAJA 12UN (XD)",
        "uom": "UN"
      },
      {
        "materialCode": "R309303",
        "quantity": 1.0000,
        "unitPrice": 11678.0000,
        "requestedDate": "2026-03-20",
        "description": "SKU-GOMITAS VIDAL DULCIPICA FRESA 80GR CAJA 14UN (XD).",
        "uom": "UN"
      },
      {
        "materialCode": "R309434",
        "quantity": 1.0000,
        "unitPrice": 29095.0000,
        "requestedDate": "2026-03-20",
        "description": "SKU-CHIPS DE VEGETALES TIKA PATAGONIA 35GR CAJA 48UN (XD).",
        "uom": "UN"
      },
      {
        "materialCode": "R309456",
        "quantity": 6.0000,
        "unitPrice": 18911.0000,
        "requestedDate": "2026-03-20",
        "description": "SKU-CHICLE ORBIT MENTA DISPLAY 30UN (XD).",
        "uom": "UN"
      },
      {
        "materialCode": "R309457",
        "quantity": 6.0000,
        "unitPrice": 18911.0000,
        "requestedDate": "2026-03-20",
        "description": "SKU-CHICLE ORBIT EUCALIPTUS DISPLAY 30UN (XD).",
        "uom": "UN"
      },
      {
        "materialCode": "R309458",
        "quantity": 6.0000,
        "unitPrice": 18911.0000,
        "requestedDate": "2026-03-20",
        "description": "SKU-CHICLE ORBIT HIERBABUENA DISPLAY 30UN (XD).",
        "uom": "UN"
      },
      {
        "materialCode": "R309619",
        "quantity": 20.0000,
        "unitPrice": 3222.0000,
        "requestedDate": "2026-03-20",
        "description": "SKU-HALLS MENTA-LYPTUS 25,2 GR DISPLAY 12UN (XD)",
        "uom": "UN"
      },
      {
        "materialCode": "R309762",
        "quantity": 12.0000,
        "unitPrice": 5794.0000,
        "requestedDate": "2026-03-20",
        "description": "SKU-CHICLE BIGTIME MENTA 11GR DISPLAY 20UN (XD)",
        "uom": "UN"
      },
      {
        "materialCode": "R309763",
        "quantity": 12.0000,
        "unitPrice": 6084.0000,
        "requestedDate": "2026-03-20",
        "description": "SKU-CHICLE BIGTIME STRONG 11GR DISPLAY 20UN (SS) (XD)",
        "uom": "UN"
      },
      {
        "materialCode": "R309764",
        "quantity": 12.0000,
        "unitPrice": 6084.0000,
        "requestedDate": "2026-03-20",
        "description": "SKU-CHICLE BIGTIME SANDIA 11GR DISPLAY 20UN (SS) (XD)",
        "uom": "UN"
      },
      {
        "materialCode": "R309765",
        "quantity": 12.0000,
        "unitPrice": 6084.0000,
        "requestedDate": "2026-03-20",
        "description": "SKU-CHICLE BIGTIME REFRESCANTE 11GR DISPLAY 20UN (SS) (XD)",
        "uom": "UN"
      },
      {
        "materialCode": "R309877",
        "quantity": 3.0000,
        "unitPrice": 25440.0000,
        "requestedDate": "2026-03-20",
        "description": "SKU-ALFAJOR ARTESANAL CHOCOLATE BLANCO 55GR CAJA 30UN (XD)",
        "uom": "UN"
      },
      {
        "materialCode": "R310332",
        "quantity": 2.0000,
        "unitPrice": 30008.0000,
        "requestedDate": "2026-03-20",
        "description": "SKU-BEBIDA ISOTONICA SUEROX MANZANA PET 630ML DISPLAY 12UN (SS) (XD)",
        "uom": "UN"
      },
      {
        "materialCode": "R310393",
        "quantity": 1.0000,
        "unitPrice": 10756.0000,
        "requestedDate": "2026-03-20",
        "description": "SKU-SNACK MANI JAPONES 100G CAJA 16UN (XD)",
        "uom": "UN"
      },
      {
        "materialCode": "R310430",
        "quantity": 1.0000,
        "unitPrice": 17584.0000,
        "requestedDate": "2026-03-20",
        "description": "SKU-GALLETA CRIOLLITA 80GR CAJA 28UN MCKAY (XD)",
        "uom": "UN"
      },
      {
        "materialCode": "R310437",
        "quantity": 7.0000,
        "unitPrice": 35948.0000,
        "requestedDate": "2026-03-20",
        "description": "SKU-SNACK TIKA NATURAL CHIPS-PATAGONIA ESTANDAR 100GR CAJA 22UN (XD)",
        "uom": "UN"
      },
      {
        "materialCode": "R310450",
        "quantity": 5.0000,
        "unitPrice": 9270.0000,
        "requestedDate": "2026-03-20",
        "description": "SKU-CHICLE TRIDENT INFINITI SPEARMINT S/AZUCAR 26,6GR DISPLAY 12UN (SS) (XD).",
        "uom": "UN"
      },
      {
        "materialCode": "R310551",
        "quantity": 4.0000,
        "unitPrice": 20004.0000,
        "requestedDate": "2026-03-20",
        "description": "SKU-CARAMELO FLOPI CEREZA S/AZUCAR 40GR DISPLAY 12UN (XD)",
        "uom": "UN"
      },
      {
        "materialCode": "R310560",
        "quantity": 1.0000,
        "unitPrice": 15600.0000,
        "requestedDate": "2026-03-20",
        "description": "SKU-BEBIDA GINGER BLESS MARACUYA LATA 310ML DISPLAY 12UN (XD)",
        "uom": "UN"
      },
      {
        "materialCode": "R310567",
        "quantity": 1.0000,
        "unitPrice": 17000.0000,
        "requestedDate": "2026-03-20",
        "description": "SKU-BARRA NATURAL SESAMO S/ AZUCAR 40GR DISPLAY 20UN (XD)",
        "uom": "UN"
      },
      {
        "materialCode": "R310568",
        "quantity": 1.0000,
        "unitPrice": 25800.0000,
        "requestedDate": "2026-03-20",
        "description": "SKU-SNACK MIX CON ALMENDRA DULCE 40GR DISPLAY 20UN (XD)",
        "uom": "UN"
      },
      {
        "materialCode": "R310644",
        "quantity": 2.0000,
        "unitPrice": 24342.0000,
        "requestedDate": "2026-03-20",
        "description": "SKU-CHOCOLATE MILKY WAY SINGLE 48GR DISPLAY 24UN (XD)",
        "uom": "UN"
      },
      {
        "materialCode": "R310656",
        "quantity": 1.0000,
        "unitPrice": 32931.0000,
        "requestedDate": "2026-03-20",
        "description": "SKU-GALLETA OBLEA KNOPPER CRISPY TRIPACK 75GR CAJA 24UN (XD)",
        "uom": "UN"
      },
      {
        "materialCode": "R310813",
        "quantity": 1.0000,
        "unitPrice": 70000.0000,
        "requestedDate": "2026-03-20",
        "description": "SKU-SNACK CROCANTE SEMILLA ZAPALLO TNOGAL 100GR CAJA 40UN (XD)",
        "uom": "UN"
      },
      {
        "materialCode": "R311171",
        "quantity": 4.0000,
        "unitPrice": 5751.0000,
        "requestedDate": "2026-03-20",
        "description": "SKU-CHOCOLATE ARCOR ROCKLETS MANI 30GR DISPLAY 18UN (XD)",
        "uom": "UN"
      },
      {
        "materialCode": "R311172",
        "quantity": 4.0000,
        "unitPrice": 5751.0000,
        "requestedDate": "2026-03-20",
        "description": "SKU-CHOCOLATE ARCOR ROCKLETS 30GR DISPLAY 18UN (XD)",
        "uom": "UN"
      },
      {
        "materialCode": "R311417",
        "quantity": 14.0000,
        "unitPrice": 18378.0000,
        "requestedDate": "2026-03-20",
        "description": "SKU-JUGO IND CITRIC NARANJA MANGO 500ML CAJA 12UN (XD)",
        "uom": "UN"
      },
      {
        "materialCode": "R311418",
        "quantity": 2.0000,
        "unitPrice": 14100.0000,
        "requestedDate": "2026-03-20",
        "description": "SKU-JUGO IND CITRIC LIMONADA MENTA 500ML CAJA 12UN (XD)",
        "uom": "UN"
      }
    ]
  }
}

Response Status: 400 Bad Request
Response Headers:
  Transfer-Encoding: chunked
  Server: Microsoft-IIS/10.0
  X-Powered-By: ASP.NET
  Date: Mon, 23 Mar 2026 14:09:13 GMT
Response Content Headers:
  Content-Type: application/problem+json; charset=utf-8
Response Body:
{"type":"https://tools.ietf.org/html/rfc7231#section-6.5.1","title":"Bad Request","status":400,"traceId":"00-732c1722bd8223009377206210f37f45-8088a93c36df8315-00"}

Result: ERROR
