TimestampChile: 2026-03-23T11:12:25.6911818
TimestampUtc: 2026-03-23T14:12:25.6962931Z
OrderNumber: 10883138
CorrelationId: 80f5011c-ef9f-4580-bdf7-71965f9ef581
Request URL: https://qa.keylogistics.cl/CRMAPI-QA/api/Integracion
Request Headers:
  keyApiVal: [REDACTED]
  X-Correlation-ID: 80f5011c-ef9f-4580-bdf7-71965f9ef581
Payload:
{
  "Modulo": "68073e0e748c6a204f601daa70f63f7c",
  "parametros": {
    "orderNumber": "10883138",
    "supplierCode": "76024",
    "orderDate": "2026-03-16",
    "deliveryDate": "2026-03-25",
    "paymentCondition": "D",
    "deliveryLocationCode": "30004",
    "invoiceLocationCode": "30004",
    "billingLocationCode": "30004",
    "notes": "31755//26-3-2026//BOD.CAMPAMENTO VCA-ESC",
    "items": [
      {
        "materialCode": "R311443",
        "quantity": 1.0000,
        "unitPrice": 83299.0000,
        "requestedDate": "2026-03-25",
        "description": "SKU-CERDO BABY BACK RIBS AHUMADA (COCIDA) CAJA 5UN CURACARIBS CONG KG (XD)",
        "uom": "UN"
      }
    ]
  }
}

Response Status: 400 Bad Request
Response Headers:
  Transfer-Encoding: chunked
  Server: Microsoft-IIS/10.0
  X-Powered-By: ASP.NET
  Date: Mon, 23 Mar 2026 14:14:32 GMT
Response Content Headers:
  Content-Type: application/problem+json; charset=utf-8
Response Body:
{"type":"https://tools.ietf.org/html/rfc7231#section-6.5.1","title":"Bad Request","status":400,"traceId":"00-801c1cdc62da17bda1d5bcc756cb09ef-991100309f143bd2-00"}

Result: ERROR
