TimestampChile: 2026-03-23T12:46:15.5460098
TimestampUtc: 2026-03-23T15:46:15.5460920Z
OrderNumber: 10883141
CorrelationId: 9904ca7d-ba02-4e41-97e8-da0257bae016
Request URL: https://qa.keylogistics.cl/CRMAPI-QA/api/Integracion
Request Headers:
  keyApiVal: [REDACTED]
  X-Correlation-ID: 9904ca7d-ba02-4e41-97e8-da0257bae016
Payload:
{
  "Modulo": "68073e0e748c6a204f601daa70f63f7c",
  "parametros": {
    "orderNumber": "10883141",
    "supplierCode": "76024",
    "orderDate": "2026-03-16",
    "deliveryDate": "2026-03-19",
    "paymentCondition": "D",
    "deliveryLocationCode": "30004",
    "invoiceLocationCode": "30004",
    "billingLocationCode": "30004",
    "notes": "32016//20-3-2026//BOD.SIERREA GORDA RETA",
    "items": [
      {
        "materialCode": "R311444",
        "quantity": 1.0000,
        "unitPrice": 65888.0000,
        "requestedDate": "2026-03-19",
        "description": "SKU-SALSA BARBECUE CLASICA BOLSA 1KG CAJA 8UN CURACARIBS (XD)",
        "uom": "UN"
      }
    ]
  }
}

Response Status: 200 OK
Response Headers:
  Server: Microsoft-IIS/10.0
  __url: http://192.168.1.19:9298/crmapi/api/Integracion
  __method: POST
  X-Powered-By: ASP.NET
  Date: Mon, 23 Mar 2026 15:48:21 GMT
Response Content Headers:
  Content-Length: 76
  Content-Type: application/json; charset=utf-8
Response Body:
{"respuesta":"OK","exito":true,"data":"{\"orden\":9898984}","errorTrace":""}

Result: SUCCESS
