TimestampChile: 2026-03-23T11:10:38.1014947
TimestampUtc: 2026-03-23T14:10:38.1015789Z
OrderNumber: 10883154
CorrelationId: 499f59f0-ea8e-45ec-9569-0ce651f22d3a
Request URL: https://qa.keylogistics.cl/CRMAPI-QA/api/Integracion
Request Headers:
  keyApiVal: [REDACTED]
  X-Correlation-ID: 499f59f0-ea8e-45ec-9569-0ce651f22d3a
Payload:
{
  "Modulo": "68073e0e748c6a204f601daa70f63f7c",
  "parametros": {
    "orderNumber": "10883154",
    "supplierCode": "76024",
    "orderDate": "2026-03-16",
    "deliveryDate": "2026-03-19",
    "paymentCondition": "D",
    "deliveryLocationCode": "30004",
    "invoiceLocationCode": "30004",
    "billingLocationCode": "30004",
    "notes": "32456//20-3-2026//BOD. RETAIL BARO CZN",
    "items": [
      {
        "materialCode": "R310640",
        "quantity": 2.0000,
        "unitPrice": 21131.0000,
        "requestedDate": "2026-03-19",
        "description": "SKU-CERDO CHURRASCO LOMITO 120GR CAJA 36UN (XD)",
        "uom": "UN"
      },
      {
        "materialCode": "R310641",
        "quantity": 3.0000,
        "unitPrice": 30021.0000,
        "requestedDate": "2026-03-19",
        "description": "SKU-VACUNO CHURRASCO 120GR CAJA 36UN (XD)",
        "uom": "UN"
      },
      {
        "materialCode": "R311677",
        "quantity": 2.0000,
        "unitPrice": 151950.0000,
        "requestedDate": "2026-03-19",
        "description": "SKU-POLLO HAMBURGUESA CONG 110GR CAJA 150UN (XD)",
        "uom": "UN"
      },
      {
        "materialCode": "R311683",
        "quantity": 5.0000,
        "unitPrice": 22400.0000,
        "requestedDate": "2026-03-19",
        "description": "SKU-VERDURA CONG PAPA PRE FRITA EXTRA CROCANTE 7X7 BOLSA 2,5KG CAJA 4UN (XD)",
        "uom": "UN"
      }
    ]
  }
}

Response Status: 400 Bad Request
Response Headers:
  Transfer-Encoding: chunked
  Server: Microsoft-IIS/10.0
  X-Powered-By: ASP.NET
  Date: Mon, 23 Mar 2026 14:12:44 GMT
Response Content Headers:
  Content-Type: application/problem+json; charset=utf-8
Response Body:
{"type":"https://tools.ietf.org/html/rfc7231#section-6.5.1","title":"Bad Request","status":400,"traceId":"00-1adba03b9f7b2cf77b141bf10089c8ac-cc8360d7af3a8166-00"}

Result: ERROR
